Converting Texinfo file to HTML...sicp-pocket-ja.texi:122: unknown command `setshortcontentsaftertitlepage'
sicp-pocket-ja.texi:677: unmatched `@end menu'
sicp-pocket-ja.texi:6022: unmatched `@end example'
sicp-pocket-ja.texi:6024: unmatched `@end ifinfo'
sicp-pocket-ja.texi:10313: `@end' expected `quotation', but saw `example'
sicp-pocket-ja.texi:10313: unmatched `@end example'
sicp-pocket-ja.texi:10314: unmatched `@end ifinfo'
sicp-pocket-ja.texi:10317: @caption is not meaningful outside `@float' environment
sicp-pocket-ja.texi:10319: unmatched `@end float'
sicp-pocket-ja.texi:14577: unmatched `@end ifinfo'
sicp-pocket-ja.texi:14580: @caption is not meaningful outside `@float' environment
sicp-pocket-ja.texi:14582: unmatched `@end float'
sicp-pocket-ja.texi:16218: misplaced {
sicp-pocket-ja.texi:16218: misplaced {
sicp-pocket-ja.texi:16218: misplaced }
sicp-pocket-ja.texi:16218: misplaced }
sicp-pocket-ja.texi:16627: unmatched `@end lisp'
sicp-pocket-ja.texi:16630: unmatched `@end quotation'
sicp-pocket-ja.texi:20038: unknown command `footnoteref'
sicp-pocket-ja.texi:20038: misplaced {
sicp-pocket-ja.texi:20038: misplaced }
sicp-pocket-ja.texi:20048: unmatched `@end lisp'
sicp-pocket-ja.texi:20051: unmatched `@end quotation'
sicp-pocket-ja.texi:23885: misplaced }
sicp-pocket-ja.texi:23941: @node seen before @end float
sicp-pocket-ja.texi:28093: unmatched `@end lisp'
sicp-pocket-ja.texi:30937: unmatched `@end lisp'
sicp-pocket-ja.texi:30938: unmatched `@end quotation'
sicp-pocket-ja.texi:679: @node `1.1' previously defined
sicp-pocket-ja.texi:619: here is the previous definition as @node
sicp-pocket-ja.texi:713: @node `1.1.1' previously defined
sicp-pocket-ja.texi:653: here is the previous definition as @node
sicp-pocket-ja.texi:1809: @anchor `Exercise 1.6' previously defined
sicp-pocket-ja.texi:1710: here is the previous definition as @anchor
sicp-pocket-ja.texi:1847: @anchor `Exercise 1.7' previously defined
sicp-pocket-ja.texi:1748: here is the previous definition as @anchor
sicp-pocket-ja.texi:1860: @anchor `Exercise 1.8' previously defined
sicp-pocket-ja.texi:1761: here is the previous definition as @anchor
sicp-pocket-ja.texi:1886: @node `1.1.8' previously defined
sicp-pocket-ja.texi:1787: here is the previous definition as @node
sicp-pocket-ja.texi:3389: @anchor `Exercise 1.15' previously defined
sicp-pocket-ja.texi:2833: here is the previous definition as @anchor
sicp-pocket-ja.texi:3435: @node `1.2.4' previously defined
sicp-pocket-ja.texi:2880: here is the previous definition as @node
sicp-pocket-ja.texi:3597: @anchor `Exercise 1.16' previously defined
sicp-pocket-ja.texi:2978: here is the previous definition as @anchor
sicp-pocket-ja.texi:3609: @anchor `Exercise 1.17' previously defined
sicp-pocket-ja.texi:2988: here is the previous definition as @anchor
sicp-pocket-ja.texi:3628: @anchor `Exercise 1.18' previously defined
sicp-pocket-ja.texi:3008: here is the previous definition as @anchor
sicp-pocket-ja.texi:3638: @anchor `Exercise 1.19' previously defined
sicp-pocket-ja.texi:3014: here is the previous definition as @anchor
sicp-pocket-ja.texi:3682: @node `1.2.5' previously defined
sicp-pocket-ja.texi:3029: here is the previous definition as @node
sicp-pocket-ja.texi:3778: @anchor `Exercise 1.20' previously defined
sicp-pocket-ja.texi:3081: here is the previous definition as @anchor
sicp-pocket-ja.texi:3788: @node `1.2.6' previously defined
sicp-pocket-ja.texi:3097: here is the previous definition as @node
sicp-pocket-ja.texi:3982: @anchor `Exercise 1.21' previously defined
sicp-pocket-ja.texi:3258: here is the previous definition as @anchor
sicp-pocket-ja.texi:3987: @anchor `Exercise 1.22' previously defined
sicp-pocket-ja.texi:3263: here is the previous definition as @anchor
sicp-pocket-ja.texi:4027: @anchor `Exercise 1.23' previously defined
sicp-pocket-ja.texi:3297: here is the previous definition as @anchor
sicp-pocket-ja.texi:4043: @anchor `Exercise 1.24' previously defined
sicp-pocket-ja.texi:3312: here is the previous definition as @anchor
sicp-pocket-ja.texi:4052: @anchor `Exercise 1.25' previously defined
sicp-pocket-ja.texi:3322: here is the previous definition as @anchor
sicp-pocket-ja.texi:4067: @anchor `Exercise 1.26' previously defined
sicp-pocket-ja.texi:3337: here is the previous definition as @anchor
sicp-pocket-ja.texi:4095: @anchor `Exercise 1.27' previously defined
sicp-pocket-ja.texi:3361: here is the previous definition as @anchor
sicp-pocket-ja.texi:4103: @anchor `Exercise 1.28' previously defined
sicp-pocket-ja.texi:3369: here is the previous definition as @anchor
sicp-pocket-ja.texi:4855: @anchor `Exercise 1.29' previously defined
sicp-pocket-ja.texi:4410: here is the previous definition as @anchor
sicp-pocket-ja.texi:4885: @anchor `Exercise 1.30' previously defined
sicp-pocket-ja.texi:4457: here is the previous definition as @anchor
sicp-pocket-ja.texi:4900: @anchor `Exercise 1.31' previously defined
sicp-pocket-ja.texi:4472: here is the previous definition as @anchor
sicp-pocket-ja.texi:4946: @anchor `Exercise 1.32' previously defined
sicp-pocket-ja.texi:4500: here is the previous definition as @anchor
sicp-pocket-ja.texi:4975: @anchor `Exercise 1.33' previously defined
sicp-pocket-ja.texi:4536: here is the previous definition as @anchor
sicp-pocket-ja.texi:4996: @node `1.3.2' previously defined
sicp-pocket-ja.texi:4545: here is the previous definition as @node
sicp-pocket-ja.texi:5278: @anchor `Exercise 1.34' previously defined
sicp-pocket-ja.texi:4769: here is the previous definition as @anchor
sicp-pocket-ja.texi:6172: @anchor `Exercise 1.40' previously defined
sicp-pocket-ja.texi:5922: here is the previous definition as @anchor
sicp-pocket-ja.texi:6183: @anchor `Exercise 1.41' previously defined
sicp-pocket-ja.texi:5943: here is the previous definition as @anchor
sicp-pocket-ja.texi:6191: @anchor `Exercise 1.42' previously defined
sicp-pocket-ja.texi:5950: here is the previous definition as @anchor
sicp-pocket-ja.texi:6200: @anchor `Exercise 1.43' previously defined
sicp-pocket-ja.texi:5963: here is the previous definition as @anchor
sicp-pocket-ja.texi:6211: @anchor `Exercise 1.44' previously defined
sicp-pocket-ja.texi:5982: here is the previous definition as @anchor
sicp-pocket-ja.texi:6215: @anchor `Exercise 1.45' previously defined
sicp-pocket-ja.texi:5994: here is the previous definition as @anchor
sicp-pocket-ja.texi:6220: @anchor `Exercise 1.46' previously defined
sicp-pocket-ja.texi:6011: here is the previous definition as @anchor
sicp-pocket-ja.texi:10811: @anchor `Exercise 2.73' previously defined
sicp-pocket-ja.texi:10238: here is the previous definition as @anchor
sicp-pocket-ja.texi:10877: @anchor `Exercise 2.74' previously defined
sicp-pocket-ja.texi:10306: here is the previous definition as @anchor
sicp-pocket-ja.texi:20054: @anchor `Exercise 4.19' previously defined
sicp-pocket-ja.texi:19827: here is the previous definition as @anchor
sicp-pocket-ja.texi:20069: @anchor `Exercise 4.20' previously defined
sicp-pocket-ja.texi:19863: here is the previous definition as @anchor
sicp-pocket-ja.texi:20171: @node `4.1.7' previously defined
sicp-pocket-ja.texi:19933: here is the previous definition as @node
sicp-pocket-ja.texi:24780: @anchor `Figure 5.1' previously defined
sicp-pocket-ja.texi:24671: here is the previous definition as @anchor
sicp-pocket-ja.texi:24842: @anchor `Figure 5.2' previously defined
sicp-pocket-ja.texi:24733: here is the previous definition as @anchor
sicp-pocket-ja.texi:24888: @anchor `Figure 5.1' previously defined
sicp-pocket-ja.texi:24671: here is the previous definition as @anchor
sicp-pocket-ja.texi:24950: @anchor `Figure 5.2' previously defined
sicp-pocket-ja.texi:24733: here is the previous definition as @anchor
sicp-pocket-ja.texi:27019: @anchor `Exercise 5.9' previously defined
sicp-pocket-ja.texi:26919: here is the previous definition as @anchor
sicp-pocket-ja.texi:27026: @anchor `Exercise 5.10' previously defined
sicp-pocket-ja.texi:26926: here is the previous definition as @anchor
sicp-pocket-ja.texi:27033: @anchor `Exercise 5.11' previously defined
sicp-pocket-ja.texi:26933: here is the previous definition as @anchor
sicp-pocket-ja.texi:27071: @anchor `Exercise 5.12' previously defined
sicp-pocket-ja.texi:26972: here is the previous definition as @anchor
sicp-pocket-ja.texi:28111: @node `5.4' previously defined
sicp-pocket-ja.texi:27991: here is the previous definition as @node
sicp-pocket-ja.texi:28183: @node `5.4.1' previously defined
sicp-pocket-ja.texi:28029: here is the previous definition as @node
sicp-pocket-ja.texi:839: @ref reference to nonexistent node `Chapter 3'
sicp-pocket-ja.texi:934: @ref reference to nonexistent node `Chapter 3'
sicp-pocket-ja.texi:1171: @ref reference to nonexistent node `Chapter 3'
sicp-pocket-ja.texi:1182: @ref reference to nonexistent node `Chapter 3'
sicp-pocket-ja.texi:1244: @ref reference to nonexistent node `Chapter 3'
sicp-pocket-ja.texi:1244: @ref reference to nonexistent node `Chapter 3'
sicp-pocket-ja.texi:2378: @ref reference to nonexistent node `Chapter 3'
sicp-pocket-ja.texi:3156: @ref reference to nonexistent node `Hardy and Wright (1960)'
sicp-pocket-ja.texi:5910: @ref reference to nonexistent node `Moses 1970'
sicp-pocket-ja.texi:5911: @ref reference to nonexistent node `Moses 2012'
sicp-pocket-ja.texi:5913: @ref reference to nonexistent node `MacDonald 1967'
sicp-pocket-ja.texi:5916: @ref reference to nonexistent node `Macsyma 2012'
sicp-pocket-ja.texi:5917: @ref reference to nonexistent node `Fateman 1979'
sicp-pocket-ja.texi:5917: @ref reference to nonexistent node `Martin and Fateman 1971'
sicp-pocket-ja.texi:6622: @ref reference to nonexistent node `Chapter 3'
sicp-pocket-ja.texi:9007: @ref reference to nonexistent node `Chapter 3'
sicp-pocket-ja.texi:9007: @ref reference to nonexistent node `3.1.3'
sicp-pocket-ja.texi:10063: @ref reference to nonexistent node `2.5.3'
sicp-pocket-ja.texi:10686: @ref reference to nonexistent node `Chapter 3'
sicp-pocket-ja.texi:10928: @ref reference to nonexistent node `Chapter 3'
sicp-pocket-ja.texi:11275: @ref reference to nonexistent node `?2.24'
sicp-pocket-ja.texi:12846: @ref reference to nonexistent node `???? 3.8'
sicp-pocket-ja.texi:12874: @ref reference to nonexistent node `? 3.2'
sicp-pocket-ja.texi:12910: @ref reference to nonexistent node `? 3.3'
sicp-pocket-ja.texi:12910: @ref reference to nonexistent node `? 3.2'
sicp-pocket-ja.texi:12959: @ref reference to nonexistent node `?4?'
sicp-pocket-ja.texi:12976: @ref reference to nonexistent node `? 3.4'
sicp-pocket-ja.texi:13010: @ref reference to nonexistent node `? 3.5'
sicp-pocket-ja.texi:13038: @ref reference to nonexistent node `? 3.4'
sicp-pocket-ja.texi:13043: @ref reference to nonexistent node `? 3.4'
sicp-pocket-ja.texi:13050: @ref reference to nonexistent node `?5?'
sicp-pocket-ja.texi:13085: @ref reference to nonexistent node `3.1.1'
sicp-pocket-ja.texi:13113: @ref reference to nonexistent node `? 3.6'
sicp-pocket-ja.texi:13156: @ref reference to nonexistent node `? 3.7'
sicp-pocket-ja.texi:13210: @ref reference to nonexistent node `? 3.8'
sicp-pocket-ja.texi:13247: @ref reference to nonexistent node `? 3.9'
sicp-pocket-ja.texi:13288: @ref reference to nonexistent node `? 3.10'
sicp-pocket-ja.texi:13288: @ref reference to nonexistent node `?4?'
sicp-pocket-ja.texi:13379: @ref reference to nonexistent node `? 3.11'
sicp-pocket-ja.texi:13426: @ref reference to nonexistent node `? 3.11'
sicp-pocket-ja.texi:13444: @ref reference to nonexistent node `3.1.1'
sicp-pocket-ja.texi:13491: @ref reference to nonexistent node `?2?'
sicp-pocket-ja.texi:13518: @ref reference to nonexistent node `? 3.12'
sicp-pocket-ja.texi:13518: @ref reference to nonexistent node `? 3.13'
sicp-pocket-ja.texi:13590: @ref reference to nonexistent node `? 3.12'
sicp-pocket-ja.texi:13594: @ref reference to nonexistent node `? 3.13'
sicp-pocket-ja.texi:13594: @ref reference to nonexistent node `? 3.14'
sicp-pocket-ja.texi:13594: @ref reference to nonexistent node `? 3.12'
sicp-pocket-ja.texi:13629: @ref reference to nonexistent node `? 3.12'
sicp-pocket-ja.texi:13633: @ref reference to nonexistent node `? 3.12'
sicp-pocket-ja.texi:13633: @ref reference to nonexistent node `? 3.15'
sicp-pocket-ja.texi:13668: @ref reference to nonexistent node `? 3.12'
sicp-pocket-ja.texi:13735: @ref reference to nonexistent node `???? 3.12'
sicp-pocket-ja.texi:13771: @ref reference to nonexistent node `3.1.3'
sicp-pocket-ja.texi:13779: @ref reference to nonexistent node `? 3.16'
sicp-pocket-ja.texi:13808: @ref reference to nonexistent node `? 3.16'
sicp-pocket-ja.texi:13808: @ref reference to nonexistent node `? 3.17'
sicp-pocket-ja.texi:13873: @ref reference to nonexistent node `? 3.16'
sicp-pocket-ja.texi:13873: @ref reference to nonexistent node `? 3.17'
sicp-pocket-ja.texi:13875: @ref reference to nonexistent node `3.1.3'
sicp-pocket-ja.texi:13897: @ref reference to nonexistent node `???? 3.16'
sicp-pocket-ja.texi:13901: @ref reference to nonexistent node `???? 3.13'
sicp-pocket-ja.texi:13905: @ref reference to nonexistent node `???? 3.18'
sicp-pocket-ja.texi:13926: @ref reference to nonexistent node `3.1.1'
sicp-pocket-ja.texi:13969: @ref reference to nonexistent node `???? 3.11'
sicp-pocket-ja.texi:13977: @ref reference to nonexistent node `? 3.18'
sicp-pocket-ja.texi:14053: @ref reference to nonexistent node `? 3.19'
sicp-pocket-ja.texi:14122: @ref reference to nonexistent node `? 3.20'
sicp-pocket-ja.texi:14147: @ref reference to nonexistent node `? 3.19'
sicp-pocket-ja.texi:14165: @ref reference to nonexistent node `? 3.21'
sicp-pocket-ja.texi:14201: @ref reference to nonexistent node `? 3.20'
sicp-pocket-ja.texi:14243: @ref reference to nonexistent node `???? 3.13'
sicp-pocket-ja.texi:14249: @ref reference to nonexistent node `?2?'
sicp-pocket-ja.texi:14251: @ref reference to nonexistent node `? 3.22'
sicp-pocket-ja.texi:14328: @ref reference to nonexistent node `? 3.23'
sicp-pocket-ja.texi:14483: @ref reference to nonexistent node `?2?'
sicp-pocket-ja.texi:14483: @ref reference to nonexistent node `???? 2.66'
sicp-pocket-ja.texi:14533: @ref reference to nonexistent node `? 3.24'
sicp-pocket-ja.texi:14585: @ref reference to nonexistent node `? 3.25'
sicp-pocket-ja.texi:14631: @ref reference to nonexistent node `? 3.25'
sicp-pocket-ja.texi:14662: @ref reference to nonexistent node `? 3.26'
sicp-pocket-ja.texi:14701: @ref reference to nonexistent node `???? 3.30'
sicp-pocket-ja.texi:14778: @ref reference to nonexistent node `? 3.27'
sicp-pocket-ja.texi:14811: @ref reference to nonexistent node `3.1.1'
sicp-pocket-ja.texi:14851: @ref reference to nonexistent node `???? 3.31'
sicp-pocket-ja.texi:14966: @ref reference to nonexistent node `? 3.25'
sicp-pocket-ja.texi:15010: @ref reference to nonexistent node `???? 3.32'
sicp-pocket-ja.texi:15151: @ref reference to nonexistent node `? 3.28'
sicp-pocket-ja.texi:15210: @ref reference to nonexistent node `? 3.28'
sicp-pocket-ja.texi:15335: @ref reference to nonexistent node `?? 155'
sicp-pocket-ja.texi:15541: @ref reference to nonexistent node `???? 3.34'
sicp-pocket-ja.texi:15622: @ref reference to nonexistent node `3.1.3'
sicp-pocket-ja.texi:15625: @ref reference to nonexistent node `3.1.1'
sicp-pocket-ja.texi:15656: @ref reference to nonexistent node `3.1.1'
sicp-pocket-ja.texi:15682: @ref reference to nonexistent node `? 3.29'
sicp-pocket-ja.texi:15728: @ref reference to nonexistent node `3.1.3'
sicp-pocket-ja.texi:15732: @ref reference to nonexistent node `? 3.30'
sicp-pocket-ja.texi:15767: @ref reference to nonexistent node `? 3.30'
sicp-pocket-ja.texi:15767: @ref reference to nonexistent node `???? 3.38'
sicp-pocket-ja.texi:15787: @ref reference to nonexistent node `? 3.29'
sicp-pocket-ja.texi:15873: @ref reference to nonexistent node `3.1.1'
sicp-pocket-ja.texi:15901: @ref reference to nonexistent node `? 3.29'
sicp-pocket-ja.texi:16026: @ref reference to nonexistent node `???? 3.43'
sicp-pocket-ja.texi:16028: @ref reference to nonexistent node `3.1.1'
sicp-pocket-ja.texi:16056: @ref reference to nonexistent node `???? 3.45'
sicp-pocket-ja.texi:16078: @ref reference to nonexistent node `? 3.29'
sicp-pocket-ja.texi:16139: @ref reference to nonexistent node `???? 3.47'
sicp-pocket-ja.texi:16182: @ref reference to nonexistent node `? 3.29'
sicp-pocket-ja.texi:16182: @ref reference to nonexistent node `???? 3.46'
sicp-pocket-ja.texi:16199: @ref reference to nonexistent node `? 3.29'
sicp-pocket-ja.texi:16220: @ref reference to nonexistent node `???? 3.48'
sicp-pocket-ja.texi:16220: @ref reference to nonexistent node `???? 3.49'
sicp-pocket-ja.texi:16318: @ref reference to nonexistent node `? 2 ?'
sicp-pocket-ja.texi:16520: @ref reference to nonexistent node `???? 3.27'
sicp-pocket-ja.texi:16545: @ref reference to nonexistent node `?? 78'
sicp-pocket-ja.texi:16569: @ref reference to nonexistent node `???? 3.51'
sicp-pocket-ja.texi:16569: @ref reference to nonexistent node `???? 3.52'
sicp-pocket-ja.texi:16745: @ref reference to nonexistent node `???? 3.50'
sicp-pocket-ja.texi:16905: @ref reference to nonexistent node `???? 3.27'
sicp-pocket-ja.texi:16924: @ref reference to nonexistent node `2.5.3'
sicp-pocket-ja.texi:17330: @ref reference to nonexistent node `???? 3.68'
sicp-pocket-ja.texi:17482: @ref reference to nonexistent node `Exercise 3.56'
sicp-pocket-ja.texi:18135: @ref reference to nonexistent node `3.1.2'
sicp-pocket-ja.texi:18138: @ref reference to nonexistent node `3.1.2'
sicp-pocket-ja.texi:18216: @ref reference to nonexistent node `Exercise 3.6'
sicp-pocket-ja.texi:18224: @ref reference to nonexistent node `Exercise 3.5'
sicp-pocket-ja.texi:18246: @ref reference to nonexistent node `3.1.3'
sicp-pocket-ja.texi:18280: @ref reference to nonexistent node `3.1.3'
sicp-pocket-ja.texi:18316: @ref reference to nonexistent node `3.1.3'
sicp-pocket-ja.texi:18447: @ref reference to nonexistent node `2.5.3'
sicp-pocket-ja.texi:18473: @ref reference to nonexistent node `Chapter 3'
sicp-pocket-ja.texi:18513: @ref reference to nonexistent node `3.2'
sicp-pocket-ja.texi:19328: @ref reference to nonexistent node `3.2'
sicp-pocket-ja.texi:19962: @ref reference to nonexistent node `Marc Feeley 1986'
sicp-pocket-ja.texi:20432: @ref reference to nonexistent node `Chapter 3'
sicp-pocket-ja.texi:20459: @ref reference to nonexistent node `Chapter 3'
sicp-pocket-ja.texi:20459: @ref reference to nonexistent node `Chapter 3'
sicp-pocket-ja.texi:20459: @ref reference to nonexistent node `Chapter 3'
sicp-pocket-ja.texi:20649: @ref reference to nonexistent node `Chapter 3'
sicp-pocket-ja.texi:20834: @ref reference to nonexistent node `Chapter 3'
sicp-pocket-ja.texi:20859: @ref reference to nonexistent node `Chapter 3'
sicp-pocket-ja.texi:20882: @ref reference to nonexistent node `Chapter 3'
sicp-pocket-ja.texi:21978: @ref reference to nonexistent node `Chapter 3'
sicp-pocket-ja.texi:22348: @ref reference to nonexistent node `4.4.3'
sicp-pocket-ja.texi:22606: @ref reference to nonexistent node `4.4.3'
sicp-pocket-ja.texi:22641: @ref reference to nonexistent node `Exercise 4.69'
sicp-pocket-ja.texi:22647: @ref reference to nonexistent node `4.4.4'
sicp-pocket-ja.texi:22673: @ref reference to nonexistent node `4.4.4'
sicp-pocket-ja.texi:24117: @ref reference to nonexistent node `Chapter 3'
sicp-pocket-ja.texi:24176: @ref reference to nonexistent node `4.4.4.2'
sicp-pocket-ja.texi:24196: @ref reference to nonexistent node `4.4.4.1'
sicp-pocket-ja.texi:24210: @ref reference to nonexistent node `4.4.4.2'
sicp-pocket-ja.texi:24240: @ref reference to nonexistent node `4.4.4.1'
sicp-pocket-ja.texi:24292: @ref reference to nonexistent node `4.4.4.4'
sicp-pocket-ja.texi:24348: @ref reference to nonexistent node `4.4.4.2'
sicp-pocket-ja.texi:24489: @ref reference to nonexistent node `Figure 4.5'
sicp-pocket-ja.texi:24507: @ref reference to nonexistent node `4.4.3'
sicp-pocket-ja.texi:24576: @ref reference to nonexistent node `Chapter 3'
sicp-pocket-ja.texi:25161: @ref reference to nonexistent node `???? 5.1'
sicp-pocket-ja.texi:25199: @ref reference to nonexistent node `?4?'
sicp-pocket-ja.texi:25508: @ref reference to nonexistent node `?5.1'
sicp-pocket-ja.texi:25818: @ref reference to nonexistent node `???? 5.4'
sicp-pocket-ja.texi:26000: @ref reference to nonexistent node `???? 5.5'
sicp-pocket-ja.texi:26097: @ref reference to nonexistent node `???? 5.4'
sicp-pocket-ja.texi:26110: @ref reference to nonexistent node `?3?'
sicp-pocket-ja.texi:26144: @ref reference to nonexistent node `?3?'
sicp-pocket-ja.texi:26364: @ref reference to nonexistent node `?4?'
sicp-pocket-ja.texi:26370: @ref reference to nonexistent node `?4?'
sicp-pocket-ja.texi:26525: @ref reference to nonexistent node `???? 5.16'
sicp-pocket-ja.texi:27183: @ref reference to nonexistent node `???? 5.15'
sicp-pocket-ja.texi:27183: @ref reference to nonexistent node `???? 5.19'
sicp-pocket-ja.texi:27218: @ref reference to nonexistent node `???? 5.16'
sicp-pocket-ja.texi:27221: @ref reference to nonexistent node `???? 5.15'
sicp-pocket-ja.texi:27369: @ref reference to nonexistent node `?2?'
sicp-pocket-ja.texi:27643: @ref reference to nonexistent node `???? 3.12'
sicp-pocket-ja.texi:28413: @ref reference to nonexistent node `Exercise 3.8'
sicp-pocket-ja.texi:28784: @ref reference to nonexistent node `Chapter 3'
sicp-pocket-ja.texi:31360: @ref reference to nonexistent node `Figure 5.11'
sicp-pocket-ja.texi:31383: @ref reference to nonexistent node `Figure 5.12'
exercises.texi:147: @ref reference to nonexistent node `Exercise 2.77'
exercises.texi:148: @ref reference to nonexistent node `Exercise 2.78'
exercises.texi:149: @ref reference to nonexistent node `Exercise 2.79'
exercises.texi:150: @ref reference to nonexistent node `Exercise 2.80'
exercises.texi:152: @ref reference to nonexistent node `Exercise 2.81'
exercises.texi:153: @ref reference to nonexistent node `Exercise 2.82'
exercises.texi:154: @ref reference to nonexistent node `Exercise 2.83'
exercises.texi:155: @ref reference to nonexistent node `Exercise 2.84'
exercises.texi:156: @ref reference to nonexistent node `Exercise 2.85'
exercises.texi:157: @ref reference to nonexistent node `Exercise 2.86'
exercises.texi:158: @ref reference to nonexistent node `Exercise 2.87'
exercises.texi:159: @ref reference to nonexistent node `Exercise 2.88'
exercises.texi:161: @ref reference to nonexistent node `Exercise 2.89'
exercises.texi:162: @ref reference to nonexistent node `Exercise 2.90'
exercises.texi:163: @ref reference to nonexistent node `Exercise 2.91'
exercises.texi:164: @ref reference to nonexistent node `Exercise 2.92'
exercises.texi:165: @ref reference to nonexistent node `Exercise 2.93'
exercises.texi:166: @ref reference to nonexistent node `Exercise 2.94'
exercises.texi:167: @ref reference to nonexistent node `Exercise 2.95'
exercises.texi:168: @ref reference to nonexistent node `Exercise 2.96'
exercises.texi:170: @ref reference to nonexistent node `Exercise 2.97'
exercises.texi:177: @ref reference to nonexistent node `Exercise 3.1'
exercises.texi:178: @ref reference to nonexistent node `Exercise 3.2'
exercises.texi:179: @ref reference to nonexistent node `Exercise 3.3'
exercises.texi:180: @ref reference to nonexistent node `Exercise 3.4'
exercises.texi:181: @ref reference to nonexistent node `Exercise 3.5'
exercises.texi:182: @ref reference to nonexistent node `Exercise 3.6'
exercises.texi:183: @ref reference to nonexistent node `Exercise 3.7'
exercises.texi:184: @ref reference to nonexistent node `Exercise 3.8'
exercises.texi:235: @ref reference to nonexistent node `Exercise 3.53'
exercises.texi:236: @ref reference to nonexistent node `Exercise 3.54'
exercises.texi:237: @ref reference to nonexistent node `Exercise 3.55'
exercises.texi:238: @ref reference to nonexistent node `Exercise 3.56'
exercises.texi:240: @ref reference to nonexistent node `Exercise 3.57'
exercises.texi:241: @ref reference to nonexistent node `Exercise 3.58'
exercises.texi:242: @ref reference to nonexistent node `Exercise 3.59'
exercises.texi:243: @ref reference to nonexistent node `Exercise 3.60'
exercises.texi:244: @ref reference to nonexistent node `Exercise 3.61'
exercises.texi:245: @ref reference to nonexistent node `Exercise 3.62'
exercises.texi:246: @ref reference to nonexistent node `Exercise 3.63'
exercises.texi:247: @ref reference to nonexistent node `Exercise 3.64'
exercises.texi:249: @ref reference to nonexistent node `Exercise 3.65'
exercises.texi:345: @ref reference to nonexistent node `Exercise 4.64'
exercises.texi:347: @ref reference to nonexistent node `Exercise 4.65'
exercises.texi:348: @ref reference to nonexistent node `Exercise 4.66'
exercises.texi:349: @ref reference to nonexistent node `Exercise 4.67'
exercises.texi:350: @ref reference to nonexistent node `Exercise 4.68'
exercises.texi:351: @ref reference to nonexistent node `Exercise 4.69'
figures.texi:43: @ref reference to nonexistent node `Figure 2.25'
figures.texi:44: @ref reference to nonexistent node `Figure 2.26'
figures.texi:51: @ref reference to nonexistent node `Figure 3.1'
figures.texi:84: @ref reference to nonexistent node `Figure 3.31'
figures.texi:103: @ref reference to nonexistent node `Figure 4.5'
figures.texi:104: @ref reference to nonexistent node `Figure 4.6'
figures.texi:113: @ref reference to nonexistent node `Figure 5.3'
figures.texi:114: @ref reference to nonexistent node `Figure 5.4'
figures.texi:115: @ref reference to nonexistent node `Figure 5.5'
figures.texi:116: @ref reference to nonexistent node `Figure 5.6'
figures.texi:117: @ref reference to nonexistent node `Figure 5.7'
figures.texi:118: @ref reference to nonexistent node `Figure 5.8'
figures.texi:120: @ref reference to nonexistent node `Figure 5.9'
figures.texi:121: @ref reference to nonexistent node `Figure 5.10'
figures.texi:122: @ref reference to nonexistent node `Figure 5.11'
figures.texi:123: @ref reference to nonexistent node `Figure 5.12'
figures.texi:124: @ref reference to nonexistent node `Figure 5.13'
figures.texi:125: @ref reference to nonexistent node `Figure 5.14'
figures.texi:126: @ref reference to nonexistent node `Figure 5.15'
sicp-pocket-ja.texi:10939: Next reference to nonexistent `Chapter 3'
sicp-pocket-ja.texi:10983: Next reference to nonexistent `2.5.2'
sicp-pocket-ja.texi:12831: Prev reference to nonexistent `3.2'
sicp-pocket-ja.texi:12831: Up reference to nonexistent `3.2'
sicp-pocket-ja.texi:12961: Up reference to nonexistent `3.2'
sicp-pocket-ja.texi:13082: Up reference to nonexistent `3.2'
sicp-pocket-ja.texi:13360: Prev reference to nonexistent `3.1'
sicp-pocket-ja.texi:13360: Up reference to nonexistent `3.2'
sicp-pocket-ja.texi:13488: Prev reference to nonexistent `3.2'
sicp-pocket-ja.texi:13488: Up reference to nonexistent `Chapter 3'
sicp-pocket-ja.texi:15120: Prev reference to nonexistent `3.2'
sicp-pocket-ja.texi:15619: Up reference to nonexistent `Chapter 3'
sicp-pocket-ja.texi:16240: Up reference to nonexistent `Chapter 3'
sicp-pocket-ja.texi:22644: Next reference to nonexistent `4.4.3'
sicp-pocket-ja.texi:23941: Prev reference to nonexistent `4.4.4.4'
sicp-pocket-ja.texi:23941: Up reference to nonexistent `4.4.4'
sicp-pocket-ja.texi:24114: Up reference to nonexistent `4.4.4'
sicp-pocket-ja.texi:24173: Up reference to nonexistent `4.4.4'
sicp-pocket-ja.texi:24324: Up reference to nonexistent `4.4.4'
make: *** [Makefile:52: html/index.xhtml] Error 1
