sicp-pocket-ja.texi:5992: unmatched `@end example'
sicp-pocket-ja.texi:5994: unmatched `@end'
sicp-pocket-ja.texi:10276: `@end' expected `quotation', but saw `example'
sicp-pocket-ja.texi:10276: unmatched `@end example'
sicp-pocket-ja.texi:10277: unmatched `@end'
sicp-pocket-ja.texi:10280: @caption is not meaningful outside `@float' environment
sicp-pocket-ja.texi:10282: unmatched `@end float'
sicp-pocket-ja.texi:14538: unmatched `@end'
sicp-pocket-ja.texi:14541: @caption is not meaningful outside `@float' environment
sicp-pocket-ja.texi:14543: unmatched `@end float'
sicp-pocket-ja.texi:16179: misplaced {
sicp-pocket-ja.texi:16179: misplaced {
sicp-pocket-ja.texi:16179: misplaced }
sicp-pocket-ja.texi:16179: misplaced }
sicp-pocket-ja.texi:16588: unmatched `@end lisp'
sicp-pocket-ja.texi:16591: unmatched `@end quotation'
sicp-pocket-ja.texi:19999: unknown command `footnoteref'
sicp-pocket-ja.texi:19999: misplaced {
sicp-pocket-ja.texi:19999: misplaced }
sicp-pocket-ja.texi:20009: unmatched `@end lisp'
sicp-pocket-ja.texi:20012: unmatched `@end quotation'
sicp-pocket-ja.texi:23843: misplaced }
sicp-pocket-ja.texi:23899: @node seen before @end float
sicp-pocket-ja.texi:28043: unmatched `@end lisp'
sicp-pocket-ja.texi:30885: unmatched `@end lisp'
sicp-pocket-ja.texi:30886: unmatched `@end quotation'
sicp-pocket-ja.texi:837: @ref reference to nonexistent node `Chapter 3'
sicp-pocket-ja.texi:932: @ref reference to nonexistent node `Chapter 3'
sicp-pocket-ja.texi:1169: @ref reference to nonexistent node `Chapter 3'
sicp-pocket-ja.texi:1180: @ref reference to nonexistent node `Chapter 3'
sicp-pocket-ja.texi:1242: @ref reference to nonexistent node `Chapter 3'
sicp-pocket-ja.texi:1242: @ref reference to nonexistent node `Chapter 3'
sicp-pocket-ja.texi:2372: @ref reference to nonexistent node `Chapter 3'
sicp-pocket-ja.texi:3150: @ref reference to nonexistent node `Hardy and Wright (1960)'
sicp-pocket-ja.texi:5880: @ref reference to nonexistent node `Moses 1970'
sicp-pocket-ja.texi:5881: @ref reference to nonexistent node `Moses 2012'
sicp-pocket-ja.texi:5883: @ref reference to nonexistent node `MacDonald 1967'
sicp-pocket-ja.texi:5886: @ref reference to nonexistent node `Macsyma 2012'
sicp-pocket-ja.texi:5887: @ref reference to nonexistent node `Fateman 1979'
sicp-pocket-ja.texi:5887: @ref reference to nonexistent node `Martin and Fateman 1971'
sicp-pocket-ja.texi:6585: @ref reference to nonexistent node `Chapter 3'
sicp-pocket-ja.texi:8970: @ref reference to nonexistent node `Chapter 3'
sicp-pocket-ja.texi:8970: @ref reference to nonexistent node `3.1.3'
sicp-pocket-ja.texi:10026: @ref reference to nonexistent node `2.5.3'
sicp-pocket-ja.texi:10649: @ref reference to nonexistent node `Chapter 3'
sicp-pocket-ja.texi:10889: @ref reference to nonexistent node `Chapter 3'
sicp-pocket-ja.texi:11236: @ref reference to nonexistent node `図2.24'
sicp-pocket-ja.texi:12807: @ref reference to nonexistent node `Exercise 3.8'
sicp-pocket-ja.texi:13046: @ref reference to nonexistent node `3.1.1'
sicp-pocket-ja.texi:13405: @ref reference to nonexistent node `3.1.1'
sicp-pocket-ja.texi:13732: @ref reference to nonexistent node `3.1.3'
sicp-pocket-ja.texi:13836: @ref reference to nonexistent node `3.1.3'
sicp-pocket-ja.texi:13887: @ref reference to nonexistent node `3.1.1'
sicp-pocket-ja.texi:14772: @ref reference to nonexistent node `3.1.1'
sicp-pocket-ja.texi:15296: @ref reference to nonexistent node `脚注 155'
sicp-pocket-ja.texi:15583: @ref reference to nonexistent node `3.1.3'
sicp-pocket-ja.texi:15586: @ref reference to nonexistent node `3.1.1'
sicp-pocket-ja.texi:15617: @ref reference to nonexistent node `3.1.1'
sicp-pocket-ja.texi:15689: @ref reference to nonexistent node `3.1.3'
sicp-pocket-ja.texi:15834: @ref reference to nonexistent node `3.1.1'
sicp-pocket-ja.texi:15989: @ref reference to nonexistent node `3.1.1'
sicp-pocket-ja.texi:16279: @ref reference to nonexistent node `第 2 章'
sicp-pocket-ja.texi:16506: @ref reference to nonexistent node `脚注 78'
sicp-pocket-ja.texi:16885: @ref reference to nonexistent node `2.5.3'
sicp-pocket-ja.texi:18096: @ref reference to nonexistent node `3.1.2'
sicp-pocket-ja.texi:18099: @ref reference to nonexistent node `3.1.2'
sicp-pocket-ja.texi:18177: @ref reference to nonexistent node `Exercise 3.6'
sicp-pocket-ja.texi:18185: @ref reference to nonexistent node `Exercise 3.5'
sicp-pocket-ja.texi:18207: @ref reference to nonexistent node `3.1.3'
sicp-pocket-ja.texi:18241: @ref reference to nonexistent node `3.1.3'
sicp-pocket-ja.texi:18277: @ref reference to nonexistent node `3.1.3'
sicp-pocket-ja.texi:18408: @ref reference to nonexistent node `2.5.3'
sicp-pocket-ja.texi:18434: @ref reference to nonexistent node `Chapter 3'
sicp-pocket-ja.texi:18474: @ref reference to nonexistent node `3.2'
sicp-pocket-ja.texi:19289: @ref reference to nonexistent node `3.2'
sicp-pocket-ja.texi:19923: @ref reference to nonexistent node `Marc Feeley 1986'
sicp-pocket-ja.texi:20390: @ref reference to nonexistent node `Chapter 3'
sicp-pocket-ja.texi:20417: @ref reference to nonexistent node `Chapter 3'
sicp-pocket-ja.texi:20417: @ref reference to nonexistent node `Chapter 3'
sicp-pocket-ja.texi:20417: @ref reference to nonexistent node `Chapter 3'
sicp-pocket-ja.texi:20607: @ref reference to nonexistent node `Chapter 3'
sicp-pocket-ja.texi:20792: @ref reference to nonexistent node `Chapter 3'
sicp-pocket-ja.texi:20817: @ref reference to nonexistent node `Chapter 3'
sicp-pocket-ja.texi:20840: @ref reference to nonexistent node `Chapter 3'
sicp-pocket-ja.texi:21936: @ref reference to nonexistent node `Chapter 3'
sicp-pocket-ja.texi:22306: @ref reference to nonexistent node `4.4.3'
sicp-pocket-ja.texi:22564: @ref reference to nonexistent node `4.4.3'
sicp-pocket-ja.texi:22599: @ref reference to nonexistent node `Exercise 4.69'
sicp-pocket-ja.texi:22605: @ref reference to nonexistent node `4.4.4'
sicp-pocket-ja.texi:22631: @ref reference to nonexistent node `4.4.4'
sicp-pocket-ja.texi:24075: @ref reference to nonexistent node `Chapter 3'
sicp-pocket-ja.texi:24134: @ref reference to nonexistent node `4.4.4.2'
sicp-pocket-ja.texi:24154: @ref reference to nonexistent node `4.4.4.1'
sicp-pocket-ja.texi:24168: @ref reference to nonexistent node `4.4.4.2'
sicp-pocket-ja.texi:24198: @ref reference to nonexistent node `4.4.4.1'
sicp-pocket-ja.texi:24250: @ref reference to nonexistent node `4.4.4.4'
sicp-pocket-ja.texi:24306: @ref reference to nonexistent node `4.4.4.2'
sicp-pocket-ja.texi:24447: @ref reference to nonexistent node `Figure 4.5'
sicp-pocket-ja.texi:24465: @ref reference to nonexistent node `4.4.3'
sicp-pocket-ja.texi:24534: @ref reference to nonexistent node `Chapter 3'
sicp-pocket-ja.texi:25462: @ref reference to nonexistent node `図5.1'
sicp-pocket-ja.texi:26064: @ref reference to nonexistent node `Chapter 3'
sicp-pocket-ja.texi:26098: @ref reference to nonexistent node `Chapter 3'
sicp-pocket-ja.texi:28361: @ref reference to nonexistent node `Exercise 3.8'
sicp-pocket-ja.texi:28732: @ref reference to nonexistent node `Chapter 3'
sicp-pocket-ja.texi:31308: @ref reference to nonexistent node `Figure 5.11'
sicp-pocket-ja.texi:31331: @ref reference to nonexistent node `Figure 5.12'
sicp-pocket-ja.texi:10900: Next reference to nonexistent `Chapter 3'
sicp-pocket-ja.texi:10944: Next reference to nonexistent `2.5.2'
sicp-pocket-ja.texi:12792: Prev reference to nonexistent `3.2'
sicp-pocket-ja.texi:12792: Up reference to nonexistent `3.2'
sicp-pocket-ja.texi:12922: Up reference to nonexistent `3.2'
sicp-pocket-ja.texi:13043: Up reference to nonexistent `3.2'
sicp-pocket-ja.texi:13321: Prev reference to nonexistent `3.1'
sicp-pocket-ja.texi:13321: Up reference to nonexistent `3.2'
sicp-pocket-ja.texi:13449: Prev reference to nonexistent `3.2'
sicp-pocket-ja.texi:13449: Up reference to nonexistent `Chapter 3'
sicp-pocket-ja.texi:15081: Prev reference to nonexistent `3.2'
sicp-pocket-ja.texi:15580: Up reference to nonexistent `Chapter 3'
sicp-pocket-ja.texi:16201: Up reference to nonexistent `Chapter 3'
sicp-pocket-ja.texi:20835: node `4.3' lacks menu item for `4.3.1' despite being its Up target
sicp-pocket-ja.texi:20835: node `4.3' lacks menu item for `4.3.2' despite being its Up target
sicp-pocket-ja.texi:20835: node `4.3' lacks menu item for `4.3.3' despite being its Up target
sicp-pocket-ja.texi:21883: node `4.4' lacks menu item for `4.4.1' despite being its Up target
sicp-pocket-ja.texi:22602: Next reference to nonexistent `4.4.3'
sicp-pocket-ja.texi:21883: node `4.4' lacks menu item for `4.4.2' despite being its Up target
sicp-pocket-ja.texi:23899: Prev reference to nonexistent `4.4.4.4'
sicp-pocket-ja.texi:23899: Up reference to nonexistent `4.4.4'
sicp-pocket-ja.texi:24072: Up reference to nonexistent `4.4.4'
sicp-pocket-ja.texi:24131: Up reference to nonexistent `4.4.4'
sicp-pocket-ja.texi:24282: Up reference to nonexistent `4.4.4'
