sicp-pocket-ja.texi:5996: misplaced {
sicp-pocket-ja.texi:5996: misplaced }
sicp-pocket-ja.texi:5996: misplaced {
sicp-pocket-ja.texi:5996: misplaced }
sicp-pocket-ja.texi:5996: misplaced {
sicp-pocket-ja.texi:5996: misplaced }
sicp-pocket-ja.texi:5999: unmatched `@end tex'
sicp-pocket-ja.texi:10273: `@end' expected `quotation', but saw `example'
sicp-pocket-ja.texi:10273: unmatched `@end example'
sicp-pocket-ja.texi:10274: unmatched `@end'
sicp-pocket-ja.texi:11832: misplaced }
sicp-pocket-ja.texi:14537: unmatched `@end'
sicp-pocket-ja.texi:16180: misplaced {
sicp-pocket-ja.texi:16180: misplaced {
sicp-pocket-ja.texi:16180: misplaced }
sicp-pocket-ja.texi:16180: misplaced }
sicp-pocket-ja.texi:16589: unmatched `@end lisp'
sicp-pocket-ja.texi:16592: unmatched `@end quotation'
sicp-pocket-ja.texi:20000: unknown command `footnoteref'
sicp-pocket-ja.texi:20000: misplaced {
sicp-pocket-ja.texi:20000: misplaced }
sicp-pocket-ja.texi:20010: unmatched `@end lisp'
sicp-pocket-ja.texi:20013: unmatched `@end quotation'
sicp-pocket-ja.texi:28044: unmatched `@end lisp'
sicp-pocket-ja.texi:30885: unmatched `@end lisp'
sicp-pocket-ja.texi:30886: unmatched `@end quotation'
sicp-pocket-ja.texi:3150: @ref reference to nonexistent node `Hardy and Wright (1960)'
sicp-pocket-ja.texi:5880: @ref reference to nonexistent node `Moses 1970'
sicp-pocket-ja.texi:5881: @ref reference to nonexistent node `Moses 2012'
sicp-pocket-ja.texi:5883: @ref reference to nonexistent node `MacDonald 1967'
sicp-pocket-ja.texi:5886: @ref reference to nonexistent node `Macsyma 2012'
sicp-pocket-ja.texi:5887: @ref reference to nonexistent node `Fateman 1979'
sicp-pocket-ja.texi:5887: @ref reference to nonexistent node `Martin and Fateman 1971'
sicp-pocket-ja.texi:19924: @ref reference to nonexistent node `Marc Feeley 1986'
